
> raffine-luxury-spa@1.0.0 test
> vitest run src/features/admin/pages/ProductManager.test.tsx


[1m[46m RUN [49m[22m [36mv3.2.4 [39m[90mC:/Users/Lenovo/OneDrive/Desktop/hate speech/Demo1[39m

node.exe : 
[90mstderr[2m | src/
features/admin/pages/P
roductManager.test.tsx
[2m > [22m[2mProduc
tManager 
Component[2m > 
[22m[2mrenders 
loading state 
initially
At C:\Program Files\no
dejs\npm.ps1:29 char:3
+   & $NODE_EXE 
$NPM_CLI_JS $args
+   ~~~~~~~~~~~~~~~~~~
~~~~~~~~~~~
    + CategoryInfo    
          : NotSpeci  
  fied: ([90mstder   
 r[2m...state ini    
tially:String) []    
, RemoteException
    + FullyQualifiedE 
   rrorId : NativeCo  
  mmandError
 
[22m[39mWarning: An 
update to 
ProductManager inside 
a test was not 
wrapped in act(...).

When testing, code 
that causes React 
state updates should 
be wrapped into 
act(...):

act(() => {
  /* fire events that 
update state */
});
/* assert on the 
output */

This ensures that 
you're testing the 
behavior the user 
would see in the 
browser. Learn more 
at https://reactjs.org
/link/wrap-tests-with-
act
    at ProductManager 
(C:\Users\Lenovo\OneDr
ive\Desktop\hate speec
h\Demo1\src\features\a
dmin\pages\ProductMana
ger.tsx:29:69)
Warning: An update to 
ProductManager inside 
a test was not 
wrapped in act(...).

When testing, code 
that causes React 
state updates should 
be wrapped into 
act(...):

act(() => {
  /* fire events that 
update state */
});
/* assert on the 
output */

This ensures that 
you're testing the 
behavior the user 
would see in the 
browser. Learn more 
at https://reactjs.org
/link/wrap-tests-with-
act
    at ProductManager 
(C:\Users\Lenovo\OneDr
ive\Desktop\hate speec
h\Demo1\src\features\a
dmin\pages\ProductMana
ger.tsx:29:69)

 [31mΓ¥»[39m src/features/admin/pages/ProductManager.test.tsx [2m([22m[2m7 tests[22m[2m | [22m[31m3 failed[39m[2m)[22m[33m 388[2mms[22m[39m
   [32mΓ£ô[39m ProductManager Component[2m > [22mrenders loading state initially[32m 63[2mms[22m[39m
   [32mΓ£ô[39m ProductManager Component[2m > [22mrenders products table after data fetch[32m 89[2mms[22m[39m
   [32mΓ£ô[39m ProductManager Component[2m > [22mfilters products by search query[32m 69[2mms[22m[39m
[31m   [31m├ù[31m ProductManager Component[2m > [22mopens "Add Product" modal on button click[39m[32m 59[2mms[22m[39m
[31m     ΓåÆ Found a label with the text of: Name, however no form control was found associated to that label. Make sure you're using the "for" attribute or "aria-labelledby" attribute correctly.

Ignored nodes: comments, script, style
[36m<body>[31m
  [36m<div>[31m
    [36m<div[31m
      [33mclass[31m=[32m"space-y-6"[31m
    [36m>[31m
      [36m<div[31m
        [33mclass[31m=[32m"fixed inset-0 bg-gray-500/75 flex items-center justify-center z-50"[31m
      [36m>[31m
        [36m<div[31m
          [33mclass[31m=[32m"bg-white rounded-xl p-6 max-w-md w-full mx-4 shadow-xl"[31m
        [36m>[31m
          [36m<div[31m
            [33mclass[31m=[32m"flex items-center justify-between mb-4"[31m
          [36m>[31m
            [36m<h3[31m
              [33mclass[31m=[32m"text-xl font-semibold text-gray-900"[31m
            [36m>[31m
              [0mAdd New Product[0m
            [36m</h3>[31m
            [36m<button[31m
              [33mclass[31m=[32m"p-1 hover:bg-gray-100 rounded"[31m
            [36m>[31m
              [36m<svg[31m
                [33mclass[31m=[32m"lucide lucide-x w-5 h-5 text-gray-400"[31m
                [33mfill[31m=[32m"none"[31m
                [33mheight[31m=[32m"24"[31m
                [33mstroke[31m=[32m"currentColor"[31m
                [33mstroke-linecap[31m=[32m"round"[31m
                [33mstroke-linejoin[31m=[32m"round"[31m
                [33mstroke-width[31m=[32m"2"[31m
                [33mviewBox[31m=[32m"0 0 24 24"[31m
                [33mwidth[31m=[32m"24"[31m
                [33mxmlns[31m=[32m"http://www.w3.org/2000/svg"[31m
              [36m>[31m
                [36m<path[31m
                  [33md[31m=[32m"M18 6 6 18"[31m
                [36m/>[31m
                [36m<path[31m
                  [33md[31m=[32m"m6 6 12 12"[31m
                [36m/>[31m
              [36m</svg>[31m
            [36m</button>[31m
          [36m</div>[31m
          [36m<div[31m
            [33mclass[31m=[32m"space-y-4"[31m
          [36m>[31m
            [36m<div>[31m
              [36m<label[31m
                [33mclass[31m=[32m"block text-sm font-medium text-gray-700 mb-1"[31m
              [36m>[31m
                [0mName[0m
              [36m</label>[31m
              [36m<input[31m
                [33mclass[31m=[32m"w-full px-3 py-2 border border-gray-300 rounded-lg text-gray-900 focus:outline-none focus:ring-2 focus:ring-blue-500"[31m
                [33mtype[31m=[32m"text"[31m
                [33mvalue[31m=[32m""[31m
              [36m/>[31m
            [36m</div>[31m
            [36m<div>[31m
              [36m<label[31m
                [33mclass[31m=[32m"block text-sm font-medium text-gray-700 mb-1"[31m
              [36m>[31m
                [0mCategory[0m
              [36m</label>[31m
              [36m<input[31m
                [33mclass[31m=[32m"w-full px-3 py-2 border border-gray-300 rounded-lg text-gray-900 focus:outline-none focus:ring-2 focus:ring-blue-500"[31m
                [33mtype[31m=[32m"text"[31m
                [33mvalue[31m=[32m"Physical Product"[31m
              [36m/>[31m
            [36m</div>[31m
            [36m<div>[31m
              [36m<label[31m
                [33mclass[31m=[32m"block text-sm font-medium text-gray-700 mb-1"[31m
              [36m>[31m
                [0mPrice (Γé╣)[0m
              [36m</label>[31m
              [36m<input[31m
                [33mclass[31m=[32m"w-full px-3 py-2 border border-gray-300 rounded-lg text-gray-900 focus:outline-none focus:ring-2 focus:ring-blue-500"[31m
                [33mtype[31m=[32m"number"[31m
                [33mvalue[31m=[32m"0"[31m
              [36m/>[31m
            [36m</div>[31m
            [36m<div>[31m
              [36m<label[31m
                [33mclass[31m=[32m"block text-sm font-medium text-gray-700 mb-1"[31m
              [36m>[31m
                [0mStock / Capacity[0m
              [36m</label>[31m
              [36m<input[31m
                [33mclass[31m=[32m"w-full px-3 py-2 border border-gray-300 rounded-lg text-gray-900 focus:outline-none focus:ring-2 focus:ring-blue-500"[31m
                [33mtype[31m=[32m"number"[31m
                [33mvalue[31m=[32m"0"[31m
              [36m/>[31m
            [36m</div>[31m
            [36m<div>[31m
              [36m<label[31m
                [33mclass[31m=[32m"block text-sm font-medium text-gray-700 mb-1"[31m
              [36m>[31m
                [0mType[0m
              [36m</label>[31m
              [36m<select[31m
                [33mclass[31m=[32m"w-full px-3 py-2 border border-gray-300 rounded-lg text-gray-900 focus:outline-none focus:ring-2 focus:ring-blue-500"[31m
              [36m>[31m
                [36m<option[31m
                  [33mvalue[31m=[32m"product"[31m
                [36m>[31m
                  [0mProduct[0m
                [36m</option>[31m
                [36m<option[31m
                  [33mvalue[31m=[32m"service"[31m
                [36m>[31m
                  [0mService[0m
                [36m</option>[31m
                [36m<option[31m
                  [33mvalue[31m=[32m"destination"[31m
                [36m>[31m
                  [0mDestination[0m
                [36m</option>[31m
              [36m</select>[31m
            [36m</div>[31m
            [36m<div>[31m
              [36m<label[31m
                [33mclass[31m=[32m"block text-sm font-medium text-gray-700 mb-1"[31m
              [36m>[31m
                [0mStatus[0m
              [36m</label>[31m
              [36m<select[31m
                [33mclass[31m=[32m"w-full px-3 py-2 border border-gray-300 rounded-lg text-gray-900 focus:outline-none focus:ring-2 focus:ring-blue-500"[31m
              [36m>[31m
                [36m<option[31m
                  [33mvalue[31m=[32m"active"[31m
                [36m>[31m
                  [0mActive[0m
                [36m</option>[31m
                [36m<option[31m
                  [33mvalue[31m=[32m"hidden"[31m
                [36m>[31m
                  [0mHidden[0m
                [36m</option>[31m
                [36m<option[31m
                  [33mvalue[31m=[32m"pending"[31m
                [36m>[31m
                  [0mPending Review[0m
                [36m</option>[31m
              [36m</select>[31m
            [36m</div>[31m
          [36m</div>[31m
          [36m<div[31m
            [33mclass[31m=[32m"mt-6 flex justify-end gap-3"[31m
          [36m>[31m
            [36m<button[31m
              [33mclass[31m=[32m"px-4 py-2 bg-gray-100 text-gray-700 rounded-lg hover:bg-gray-200"[31m
            [36m>[31m
              [0mCancel[0m
            [36m</button>[31m
            [36m<button[31m
              [33mclass[31m=[32m"px-4 py-2 bg-blue-600 text-white rounded-lg hover:bg-blue-700 disabled:opacity-60 flex items-center gap-2"[31m
            [36m>[31m
              [0m Add Produ...[39m
   [32mΓ£ô[39m ProductManager Component[2m > [22mshows error toast when data fetch fails[32m 37[2mms[22m[39m
[31m   [31m├ù[31m ProductManager Component[2m > [22mcalls deleteProduct when delete button is clicked and confirmed[39m[32m 29[2mms[22m[39m
[31m     ΓåÆ 'button.p-1,,, .lucide-trash2' is not a valid selector[39m
[31m   [31m├ù[31m ProductManager Component[2m > [22msuccessfully creates a new product via modal[39m[32m 39[2mms[22m[39m
[31m     ΓåÆ Found a label with the text of: Name, however no form control was found associated to that label. Make sure you're using the "for" attribute or "aria-labelledby" attribute correctly.

Ignored nodes: comments, script, style
[36m<body>[31m
  [36m<div>[31m
    [36m<div[31m
      [33mclass[31m=[32m"space-y-6"[31m
    [36m>[31m
      [36m<div[31m
        [33mclass[31m=[32m"fixed inset-0 bg-gray-500/75 flex items-center justify-center z-50"[31m
      [36m>[31m
        [36m<div[31m
          [33mclass[31m=[32m"bg-white rounded-xl p-6 max-w-md w-full mx-4 shadow-xl"[31m
        [36m>[31m
          [36m<div[31m
            [33mclass[31m=[32m"flex items-center justify-between mb-4"[31m
          [36m>[31m
            [36m<h3[31m
              [33mclass[31m=[32m"text-xl font-semibold text-gray-900"[31m
            [36m>[31m
              [0mAdd New Product[0m
            [36m</h3>[31m
            [36m<button[31m
              [33mclass[31m=[32m"p-1 hover:bg-gray-100 rounded"[31m
            [36m>[31m
              [36m<svg[31m
                [33mclass[31m=[32m"lucide lucide-x w-5 h-5 text-gray-400"[31m
                [33mfill[31m=[32m"none"[31m
                [33mheight[31m=[32m"24"[31m
                [33mstroke[31m=[32m"currentColor"[31m
                [33mstroke-linecap[31m=[32m"round"[31m
                [33mstroke-linejoin[31m=[32m"round"[31m
                [33mstroke-width[31m=[32m"2"[31m
                [33mviewBox[31m=[32m"0 0 24 24"[31m
                [33mwidth[31m=[32m"24"[31m
                [33mxmlns[31m=[32m"http://www.w3.org/2000/svg"[31m
              [36m>[31m
                [36m<path[31m
                  [33md[31m=[32m"M18 6 6 18"[31m
                [36m/>[31m
                [36m<path[31m
                  [33md[31m=[32m"m6 6 12 12"[31m
                [36m/>[31m
              [36m</svg>[31m
            [36m</button>[31m
          [36m</div>[31m
          [36m<div[31m
            [33mclass[31m=[32m"space-y-4"[31m
          [36m>[31m
            [36m<div>[31m
              [36m<label[31m
                [33mclass[31m=[32m"block text-sm font-medium text-gray-700 mb-1"[31m
              [36m>[31m
                [0mName[0m
              [36m</label>[31m
              [36m<input[31m
                [33mclass[31m=[32m"w-full px-3 py-2 border border-gray-300 rounded-lg text-gray-900 focus:outline-none focus:ring-2 focus:ring-blue-500"[31m
                [33mtype[31m=[32m"text"[31m
                [33mvalue[31m=[32m""[31m
              [36m/>[31m
            [36m</div>[31m
            [36m<div>[31m
              [36m<label[31m
                [33mclass[31m=[32m"block text-sm font-medium text-gray-700 mb-1"[31m
              [36m>[31m
                [0mCategory[0m
              [36m</label>[31m
              [36m<input[31m
                [33mclass[31m=[32m"w-full px-3 py-2 border border-gray-300 rounded-lg text-gray-900 focus:outline-none focus:ring-2 focus:ring-blue-500"[31m
                [33mtype[31m=[32m"text"[31m
                [33mvalue[31m=[32m"Physical Product"[31m
              [36m/>[31m
            [36m</div>[31m
            [36m<div>[31m
              [36m<label[31m
                [33mclass[31m=[32m"block text-sm font-medium text-gray-700 mb-1"[31m
              [36m>[31m
                [0mPrice (Γé╣)[0m
              [36m</label>[31m
              [36m<input[31m
                [33mclass[31m=[32m"w-full px-3 py-2 border border-gray-300 rounded-lg text-gray-900 focus:outline-none focus:ring-2 focus:ring-blue-500"[31m
                [33mtype[31m=[32m"number"[31m
                [33mvalue[31m=[32m"0"[31m
              [36m/>[31m
            [36m</div>[31m
            [36m<div>[31m
              [36m<label[31m
                [33mclass[31m=[32m"block text-sm font-medium text-gray-700 mb-1"[31m
              [36m>[31m
                [0mStock / Capacity[0m
              [36m</label>[31m
              [36m<input[31m
                [33mclass[31m=[32m"w-full px-3 py-2 border border-gray-300 rounded-lg text-gray-900 focus:outline-none focus:ring-2 focus:ring-blue-500"[31m
                [33mtype[31m=[32m"number"[31m
                [33mvalue[31m=[32m"0"[31m
              [36m/>[31m
            [36m</div>[31m
            [36m<div>[31m
              [36m<label[31m
                [33mclass[31m=[32m"block text-sm font-medium text-gray-700 mb-1"[31m
              [36m>[31m
                [0mType[0m
              [36m</label>[31m
              [36m<select[31m
                [33mclass[31m=[32m"w-full px-3 py-2 border border-gray-300 rounded-lg text-gray-900 focus:outline-none focus:ring-2 focus:ring-blue-500"[31m
              [36m>[31m
                [36m<option[31m
                  [33mvalue[31m=[32m"product"[31m
                [36m>[31m
                  [0mProduct[0m
                [36m</option>[31m
                [36m<option[31m
                  [33mvalue[31m=[32m"service"[31m
                [36m>[31m
                  [0mService[0m
                [36m</option>[31m
                [36m<option[31m
                  [33mvalue[31m=[32m"destination"[31m
                [36m>[31m
                  [0mDestination[0m
                [36m</option>[31m
              [36m</select>[31m
            [36m</div>[31m
            [36m<div>[31m
              [36m<label[31m
                [33mclass[31m=[32m"block text-sm font-medium text-gray-700 mb-1"[31m
              [36m>[31m
                [0mStatus[0m
              [36m</label>[31m
              [36m<select[31m
                [33mclass[31m=[32m"w-full px-3 py-2 border border-gray-300 rounded-lg text-gray-900 focus:outline-none focus:ring-2 focus:ring-blue-500"[31m
              [36m>[31m
                [36m<option[31m
                  [33mvalue[31m=[32m"active"[31m
                [36m>[31m
                  [0mActive[0m
                [36m</option>[31m
                [36m<option[31m
                  [33mvalue[31m=[32m"hidden"[31m
                [36m>[31m
                  [0mHidden[0m
                [36m</option>[31m
                [36m<option[31m
                  [33mvalue[31m=[32m"pending"[31m
                [36m>[31m
                  [0mPending Review[0m
                [36m</option>[31m
              [36m</select>[31m
            [36m</div>[31m
          [36m</div>[31m
          [36m<div[31m
            [33mclass[31m=[32m"mt-6 flex justify-end gap-3"[31m
          [36m>[31m
            [36m<button[31m
              [33mclass[31m=[32m"px-4 py-2 bg-gray-100 text-gray-700 rounded-lg hover:bg-gray-200"[31m
            [36m>[31m
              [0mCancel[0m
            [36m</button>[31m
            [36m<button[31m
              [33mclass[31m=[32m"px-4 py-2 bg-blue-600 text-white rounded-lg hover:bg-blue-700 disabled:opacity-60 flex items-center gap-2"[31m
            [36m>[31m
              [0m Add Produ...[39m

[31mΓÄ»ΓÄ»ΓÄ»ΓÄ»ΓÄ»ΓÄ
»ΓÄ»[39m[1m[41m 
Failed Tests 3 [49m[
22m[31mΓÄ»ΓÄ»ΓÄ»ΓÄ»ΓÄ
»ΓÄ»ΓÄ»[39m

[41m[1m FAIL 
[22m[49m src/feature
s/admin/pages/ProductM
anager.test.tsx[2m > 
[22mProductManager 
Component[2m > 
[22mopens "Add 
Product" modal on 
button click
[31m[1mTestingLibrar
yElementError[22m[39
m: Found a label with 
the text of: Name, 
however no form 
control was found 
associated to that 
label. Make sure 
you're using the 
"for" attribute or 
"aria-labelledby" 
attribute correctly.

Ignored nodes: 
comments, script, 
style
[36m<body>[39m
  [36m<div>[39m
    [36m<div[39m
      [33mclass[39m=
[32m"space-y-6"[39m
    [36m>[39m
      [36m<div[39m
        [33mclass[39
m=[32m"fixed inset-0 
bg-gray-500/75 flex 
items-center 
justify-center 
z-50"[39m
      [36m>[39m
        [36m<div[39m
          [33mclass[
39m=[32m"bg-white 
rounded-xl p-6 
max-w-md w-full mx-4 
shadow-xl"[39m
        [36m>[39m
          
[36m<div[39m
            [33mclass
[39m=[32m"flex 
items-center 
justify-between 
mb-4"[39m
          [36m>[39m
            
[36m<h3[39m
              [33mcla
ss[39m=[32m"text-xl 
font-semibold 
text-gray-900"[39m
            
[36m>[39m
              [0mAdd 
New Product[0m
            
[36m</h3>[39m
            
[36m<button[39m
              [33mcla
ss[39m=[32m"p-1 
hover:bg-gray-100 
rounded"[39m
            
[36m>[39m
              
[36m<svg[39m
                [33mc
lass[39m=[32m"lucide
 lucide-x w-5 h-5 
text-gray-400"[39m
                [33mf
ill[39m=[32m"none"[
39m
                [33mh
eight[39m=[32m"24"[
39m
                [33ms
troke[39m=[32m"curre
ntColor"[39m
                [33ms
troke-linecap[39m=[3
2m"round"[39m
                [33ms
troke-linejoin[39m=[
32m"round"[39m
                [33ms
troke-width[39m=[32m
"2"[39m
                [33mv
iewBox[39m=[32m"0 0 
24 24"[39m
                [33mw
idth[39m=[32m"24"[3
9m
                [33mx
mlns[39m=[32m"http:/
/www.w3.org/2000/svg"
[39m
              
[36m>[39m
                
[36m<path[39m
                  
[33md[39m=[32m"M18 
6 6 18"[39m
                
[36m/>[39m
                
[36m<path[39m
                  
[33md[39m=[32m"m6 
6 12 12"[39m
                
[36m/>[39m
              
[36m</svg>[39m
            
[36m</button>[39m
          
[36m</div>[39m
          
[36m<div[39m
            [33mclass
[39m=[32m"space-y-4"
[39m
          [36m>[39m
            
[36m<div>[39m
              
[36m<label[39m
                [33mc
lass[39m=[32m"block 
text-sm font-medium 
text-gray-700 
mb-1"[39m
              
[36m>[39m
                
[0mName[0m
              
[36m</label>[39m
              
[36m<input[39m
                [33mc
lass[39m=[32m"w-full
 px-3 py-2 border 
border-gray-300 
rounded-lg 
text-gray-900 
focus:outline-none 
focus:ring-2 focus:rin
g-blue-500"[39m
                [33mt
ype[39m=[32m"text"[
39m
                [33mv
alue[39m=[32m""[39m
              
[36m/>[39m
            
[36m</div>[39m
            
[36m<div>[39m
              
[36m<label[39m
                [33mc
lass[39m=[32m"block 
text-sm font-medium 
text-gray-700 
mb-1"[39m
              
[36m>[39m
                
[0mCategory[0m
              
[36m</label>[39m
              
[36m<input[39m
                [33mc
lass[39m=[32m"w-full
 px-3 py-2 border 
border-gray-300 
rounded-lg 
text-gray-900 
focus:outline-none 
focus:ring-2 focus:rin
g-blue-500"[39m
                [33mt
ype[39m=[32m"text"[
39m
                [33mv
alue[39m=[32m"Physic
al Product"[39m
              
[36m/>[39m
            
[36m</div>[39m
            
[36m<div>[39m
              
[36m<label[39m
                [33mc
lass[39m=[32m"block 
text-sm font-medium 
text-gray-700 
mb-1"[39m
              
[36m>[39m
                
[0mPrice (Γé╣)[0m
              
[36m</label>[39m
              
[36m<input[39m
                [33mc
lass[39m=[32m"w-full
 px-3 py-2 border 
border-gray-300 
rounded-lg 
text-gray-900 
focus:outline-none 
focus:ring-2 focus:rin
g-blue-500"[39m
                [33mt
ype[39m=[32m"number"
[39m
                [33mv
alue[39m=[32m"0"[39
m
              
[36m/>[39m
            
[36m</div>[39m
            
[36m<div>[39m
              
[36m<label[39m
                [33mc
lass[39m=[32m"block 
text-sm font-medium 
text-gray-700 
mb-1"[39m
              
[36m>[39m
                
[0mStock / 
Capacity[0m
              
[36m</label>[39m
              
[36m<input[39m
                [33mc
lass[39m=[32m"w-full
 px-3 py-2 border 
border-gray-300 
rounded-lg 
text-gray-900 
focus:outline-none 
focus:ring-2 focus:rin
g-blue-500"[39m
                [33mt
ype[39m=[32m"number"
[39m
                [33mv
alue[39m=[32m"0"[39
m
              
[36m/>[39m
            
[36m</div>[39m
            
[36m<div>[39m
              
[36m<label[39m
                [33mc
lass[39m=[32m"block 
text-sm font-medium 
text-gray-700 
mb-1"[39m
              
[36m>[39m
                
[0mType[0m
              
[36m</label>[39m
              
[36m<select[39m
                [33mc
lass[39m=[32m"w-full
 px-3 py-2 border 
border-gray-300 
rounded-lg 
text-gray-900 
focus:outline-none 
focus:ring-2 focus:rin
g-blue-500"[39m
              
[36m>[39m
                
[36m<option[39m
                  [33
mvalue[39m=[32m"prod
uct"[39m
                
[36m>[39m
                  
[0mProduct[0m
                
[36m</option>[39m
                
[36m<option[39m
                  [33
mvalue[39m=[32m"serv
ice"[39m
                
[36m>[39m
                  
[0mService[0m
                
[36m</option>[39m
                
[36m<option[39m
                  [33
mvalue[39m=[32m"dest
ination"[39m
                
[36m>[39m
                  
[0mDestination[0m
                
[36m</option>[39m
              
[36m</select>[39m
            
[36m</div>[39m
            
[36m<div>[39m
              
[36m<label[39m
                [33mc
lass[39m=[32m"block 
text-sm font-medium 
text-gray-700 
mb-1"[39m
              
[36m>[39m
                
[0mStatus[0m
              
[36m</label>[39m
              
[36m<select[39m
                [33mc
lass[39m=[32m"w-full
 px-3 py-2 border 
border-gray-300 
rounded-lg 
text-gray-900 
focus:outline-none 
focus:ring-2 focus:rin
g-blue-500"[39m
              
[36m>[39m
                
[36m<option[39m
                  [33
mvalue[39m=[32m"acti
ve"[39m
                
[36m>[39m
                  
[0mActive[0m
                
[36m</option>[39m
                
[36m<option[39m
                  [33
mvalue[39m=[32m"hidd
en"[39m
                
[36m>[39m
                  
[0mHidden[0m
                
[36m</option>[39m
                
[36m<option[39m
                  [33
mvalue[39m=[32m"pend
ing"[39m
                
[36m>[39m
                  
[0mPending Review[0m
                
[36m</option>[39m
              
[36m</select>[39m
            
[36m</div>[39m
          
[36m</div>[39m
          
[36m<div[39m
            [33mclass
[39m=[32m"mt-6 flex 
justify-end 
gap-3"[39m
          [36m>[39m
            
[36m<button[39m
              [33mcla
ss[39m=[32m"px-4 
py-2 bg-gray-100 
text-gray-700 
rounded-lg hover:bg-gr
ay-200"[39m
            
[36m>[39m
              
[0mCancel[0m
            
[36m</button>[39m
            
[36m<button[39m
              [33mcla
ss[39m=[32m"px-4 
py-2 bg-blue-600 
text-white rounded-lg 
hover:bg-blue-700 
disabled:opacity-60 
flex items-center 
gap-2"[39m
            
[36m>[39m
              [0m 
Add Produ...
[90m [2mΓ¥»[22m Obj
ect.getElementError no
de_modules/@testing-li
brary/dom/dist/config.
js:[2m37:19[22m[39m
[90m [2mΓ¥»[22m 
getAllByLabelText node
_modules/@testing-libr
ary/dom/dist/queries/l
abel-text.js:[2m108:4
0[22m[39m
[90m [2mΓ¥»[22m nod
e_modules/@testing-lib
rary/dom/dist/query-he
lpers.js:[2m52:17[22
m[39m
[90m [2mΓ¥»[22m nod
e_modules/@testing-lib
rary/dom/dist/query-he
lpers.js:[2m95:19[22
m[39m
[36m [2mΓ¥»[22m src
/features/admin/pages/
ProductManager.test.ts
x:[2m68:19[22m[39m
    [90m 66| [39m
    [90m 67| [39m   
 [34mexpect[39m(scre
en[33m.[39m[34mgetB
yText[39m([32m'Add 
New Product'[39m))[3
3m.[39m[34mtoBeInThe
Document[39m()[33m;
[39m
    [90m 68| [39m   
 [34mexpect[39m(scre
en[33m.[39m[34mgetB
yLabelText[39m([32m'
Name'[39m))[33m.[39
m[34mtoBeInTheDocumen
t[39m()[33m;[39m
    [90m   | [39m   
               
[31m^[39m
    [90m 69| [39m   
 [34mexpect[39m(scre
en[33m.[39m[34mgetB
yLabelText[39m([32m'
Price (Γé╣)'[39m))[3
3m.[39m[34mtoBeInThe
Document[39m()[33m;
[39m
    [90m 70| [39m  
})[33m;[39m

[31m[2mΓÄ»ΓÄ»ΓÄ»ΓÄ»Γ
Ä»ΓÄ»ΓÄ»ΓÄ»ΓÄ»ΓÄ»ΓÄ»ΓÄ
»ΓÄ»ΓÄ»ΓÄ»ΓÄ»ΓÄ»ΓÄ»ΓÄ»
ΓÄ»ΓÄ»ΓÄ»ΓÄ»ΓÄ»[1/3]ΓÄ
»[22m[39m

[41m[1m FAIL 
[22m[49m src/feature
s/admin/pages/ProductM
anager.test.tsx[2m > 
[22mProductManager 
Component[2m > 
[22mcalls 
deleteProduct when 
delete button is 
clicked and confirmed
[31m[1mSyntaxError[
22m: 'button.p-1,,, 
.lucide-trash2' is 
not a valid 
selector[39m
[90m [2mΓ¥»[22m 
emit node_modules/nwsa
pi/src/nwsapi.js:[2m6
70:17[22m[39m
[90m [2mΓ¥»[22m 
parse node_modules/nws
api/src/nwsapi.js:[2m
1612:13[22m[39m
[90m [2mΓ¥»[22m 
_querySelectorAll node
_modules/nwsapi/src/nw
sapi.js:[2m1701:44[2
2m[39m
[90m [2mΓ¥»[22m 
Object._querySelector 
[as first] node_module
s/nwsapi/src/nwsapi.js
:[2m1637:14[22m[39m
[90m [2mΓ¥»[22m HTM
LButtonElementImpl.que
rySelector node_module
s/jsdom/lib/jsdom/livi
ng/nodes/ParentNode-im
pl.js:[2m69:44[22m[
39m
[90m [2mΓ¥»[22m HTM
LButtonElement.querySe
lector node_modules/js
dom/lib/jsdom/living/g
enerated/Element.js:[
2m1094:58[22m[39m
[90m [2mΓ¥»[22m 
Array.Resolver node_mo
dules/nwsapi/src/nwsap
i.js:[2m896:17[22m[
39m
[90m [2mΓ¥»[22m 
collect node_modules/n
wsapi/src/nwsapi.js:[
2m1749:21[22m[39m
[90m [2mΓ¥»[22m 
_querySelectorAll node
_modules/nwsapi/src/nw
sapi.js:[2m1701:36[2
2m[39m
[90m [2mΓ¥»[22m 
Object._querySelector 
[as first] node_module
s/nwsapi/src/nwsapi.js
:[2m1637:14[22m[39m

[31m[2mΓÄ»ΓÄ»ΓÄ»ΓÄ»Γ
Ä»ΓÄ»ΓÄ»ΓÄ»ΓÄ»ΓÄ»ΓÄ»ΓÄ
»ΓÄ»ΓÄ»ΓÄ»ΓÄ»ΓÄ»ΓÄ»ΓÄ»
ΓÄ»ΓÄ»ΓÄ»ΓÄ»ΓÄ»[2/3]ΓÄ
»[22m[39m

[41m[1m FAIL 
[22m[49m src/feature
s/admin/pages/ProductM
anager.test.tsx[2m > 
[22mProductManager 
Component[2m > 
[22msuccessfully 
creates a new product 
via modal
[31m[1mTestingLibrar
yElementError[22m[39
m: Found a label with 
the text of: Name, 
however no form 
control was found 
associated to that 
label. Make sure 
you're using the 
"for" attribute or 
"aria-labelledby" 
attribute correctly.

Ignored nodes: 
comments, script, 
style
[36m<body>[39m
  [36m<div>[39m
    [36m<div[39m
      [33mclass[39m=
[32m"space-y-6"[39m
    [36m>[39m
      [36m<div[39m
        [33mclass[39
m=[32m"fixed inset-0 
bg-gray-500/75 flex 
items-center 
justify-center 
z-50"[39m
      [36m>[39m
        [36m<div[39m
          [33mclass[
39m=[32m"bg-white 
rounded-xl p-6 
max-w-md w-full mx-4 
shadow-xl"[39m
        [36m>[39m
          
[36m<div[39m
            [33mclass
[39m=[32m"flex 
items-center 
justify-between 
mb-4"[39m
          [36m>[39m
            
[36m<h3[39m
              [33mcla
ss[39m=[32m"text-xl 
font-semibold 
text-gray-900"[39m
            
[36m>[39m
              [0mAdd 
New Product[0m
            
[36m</h3>[39m
            
[36m<button[39m
              [33mcla
ss[39m=[32m"p-1 
hover:bg-gray-100 
rounded"[39m
            
[36m>[39m
              
[36m<svg[39m
                [33mc
lass[39m=[32m"lucide
 lucide-x w-5 h-5 
text-gray-400"[39m
                [33mf
ill[39m=[32m"none"[
39m
                [33mh
eight[39m=[32m"24"[
39m
                [33ms
troke[39m=[32m"curre
ntColor"[39m
                [33ms
troke-linecap[39m=[3
2m"round"[39m
                [33ms
troke-linejoin[39m=[
32m"round"[39m
                [33ms
troke-width[39m=[32m
"2"[39m
                [33mv
iewBox[39m=[32m"0 0 
24 24"[39m
                [33mw
idth[39m=[32m"24"[3
9m
                [33mx
mlns[39m=[32m"http:/
/www.w3.org/2000/svg"
[39m
              
[36m>[39m
                
[36m<path[39m

[2m Test Files [22m [1m[31m1 failed[39m[22m[90m (1)[39m
[2m      Tests [22m [1m[31m3 failed[39m[22m[2m | [22m[1m[32m4 passed[39m[22m[90m (7)[39m
[2m   Start at [22m 01:18:15
[2m   Duration [22m 3.39s[2m (transform 177ms, setup 308ms, collect 270ms, tests 388ms, environment 1.57s, prepare 294ms)[22m

                  
[33md[39m=[32m"M18 
6 6 18"[39m
                
[36m/>[39m
                
[36m<path[39m
                  
[33md[39m=[32m"m6 
6 12 12"[39m
                
[36m/>[39m
              
[36m</svg>[39m
            
[36m</button>[39m
          
[36m</div>[39m
          
[36m<div[39m
            [33mclass
[39m=[32m"space-y-4"
[39m
          [36m>[39m
            
[36m<div>[39m
              
[36m<label[39m
                [33mc
lass[39m=[32m"block 
text-sm font-medium 
text-gray-700 
mb-1"[39m
              
[36m>[39m
                
[0mName[0m
              
[36m</label>[39m
              
[36m<input[39m
                [33mc
lass[39m=[32m"w-full
 px-3 py-2 border 
border-gray-300 
rounded-lg 
text-gray-900 
focus:outline-none 
focus:ring-2 focus:rin
g-blue-500"[39m
                [33mt
ype[39m=[32m"text"[
39m
                [33mv
alue[39m=[32m""[39m
              
[36m/>[39m
            
[36m</div>[39m
            
[36m<div>[39m
              
[36m<label[39m
                [33mc
lass[39m=[32m"block 
text-sm font-medium 
text-gray-700 
mb-1"[39m
              
[36m>[39m
                
[0mCategory[0m
              
[36m</label>[39m
              
[36m<input[39m
                [33mc
lass[39m=[32m"w-full
 px-3 py-2 border 
border-gray-300 
rounded-lg 
text-gray-900 
focus:outline-none 
focus:ring-2 focus:rin
g-blue-500"[39m
                [33mt
ype[39m=[32m"text"[
39m
                [33mv
alue[39m=[32m"Physic
al Product"[39m
              
[36m/>[39m
            
[36m</div>[39m
            
[36m<div>[39m
              
[36m<label[39m
                [33mc
lass[39m=[32m"block 
text-sm font-medium 
text-gray-700 
mb-1"[39m
              
[36m>[39m
                
[0mPrice (Γé╣)[0m
              
[36m</label>[39m
              
[36m<input[39m
                [33mc
lass[39m=[32m"w-full
 px-3 py-2 border 
border-gray-300 
rounded-lg 
text-gray-900 
focus:outline-none 
focus:ring-2 focus:rin
g-blue-500"[39m
                [33mt
ype[39m=[32m"number"
[39m
                [33mv
alue[39m=[32m"0"[39
m
              
[36m/>[39m
            
[36m</div>[39m
            
[36m<div>[39m
              
[36m<label[39m
                [33mc
lass[39m=[32m"block 
text-sm font-medium 
text-gray-700 
mb-1"[39m
              
[36m>[39m
                
[0mStock / 
Capacity[0m
              
[36m</label>[39m
              
[36m<input[39m
                [33mc
lass[39m=[32m"w-full
 px-3 py-2 border 
border-gray-300 
rounded-lg 
text-gray-900 
focus:outline-none 
focus:ring-2 focus:rin
g-blue-500"[39m
                [33mt
ype[39m=[32m"number"
[39m
                [33mv
alue[39m=[32m"0"[39
m
              
[36m/>[39m
            
[36m</div>[39m
            
[36m<div>[39m
              
[36m<label[39m
                [33mc
lass[39m=[32m"block 
text-sm font-medium 
text-gray-700 
mb-1"[39m
              
[36m>[39m
                
[0mType[0m
              
[36m</label>[39m
              
[36m<select[39m
                [33mc
lass[39m=[32m"w-full
 px-3 py-2 border 
border-gray-300 
rounded-lg 
text-gray-900 
focus:outline-none 
focus:ring-2 focus:rin
g-blue-500"[39m
              
[36m>[39m
                
[36m<option[39m
                  [33
mvalue[39m=[32m"prod
uct"[39m
                
[36m>[39m
                  
[0mProduct[0m
                
[36m</option>[39m
                
[36m<option[39m
                  [33
mvalue[39m=[32m"serv
ice"[39m
                
[36m>[39m
                  
[0mService[0m
                
[36m</option>[39m
                
[36m<option[39m
                  [33
mvalue[39m=[32m"dest
ination"[39m
                
[36m>[39m
                  
[0mDestination[0m
                
[36m</option>[39m
              
[36m</select>[39m
            
[36m</div>[39m
            
[36m<div>[39m
              
[36m<label[39m
                [33mc
lass[39m=[32m"block 
text-sm font-medium 
text-gray-700 
mb-1"[39m
              
[36m>[39m
                
[0mStatus[0m
              
[36m</label>[39m
              
[36m<select[39m
                [33mc
lass[39m=[32m"w-full
 px-3 py-2 border 
border-gray-300 
rounded-lg 
text-gray-900 
focus:outline-none 
focus:ring-2 focus:rin
g-blue-500"[39m
              
[36m>[39m
                
[36m<option[39m
                  [33
mvalue[39m=[32m"acti
ve"[39m
                
[36m>[39m
                  
[0mActive[0m
                
[36m</option>[39m
                
[36m<option[39m
                  [33
mvalue[39m=[32m"hidd
en"[39m
                
[36m>[39m
                  
[0mHidden[0m
                
[36m</option>[39m
                
[36m<option[39m
                  [33
mvalue[39m=[32m"pend
ing"[39m
                
[36m>[39m
                  
[0mPending Review[0m
                
[36m</option>[39m
              
[36m</select>[39m
            
[36m</div>[39m
          
[36m</div>[39m
          
[36m<div[39m
            [33mclass
[39m=[32m"mt-6 flex 
justify-end 
gap-3"[39m
          [36m>[39m
            
[36m<button[39m
              [33mcla
ss[39m=[32m"px-4 
py-2 bg-gray-100 
text-gray-700 
rounded-lg hover:bg-gr
ay-200"[39m
            
[36m>[39m
              
[0mCancel[0m
            
[36m</button>[39m
            
[36m<button[39m
              [33mcla
ss[39m=[32m"px-4 
py-2 bg-blue-600 
text-white rounded-lg 
hover:bg-blue-700 
disabled:opacity-60 
flex items-center 
gap-2"[39m
            
[36m>[39m
              [0m 
Add Produ...
[90m [2mΓ¥»[22m Obj
ect.getElementError no
de_modules/@testing-li
brary/dom/dist/config.
js:[2m37:19[22m[39m
[90m [2mΓ¥»[22m 
getAllByLabelText node
_modules/@testing-libr
ary/dom/dist/queries/l
abel-text.js:[2m108:4
0[22m[39m
[90m [2mΓ¥»[22m nod
e_modules/@testing-lib
rary/dom/dist/query-he
lpers.js:[2m52:17[22
m[39m
[90m [2mΓ¥»[22m nod
e_modules/@testing-lib
rary/dom/dist/query-he
lpers.js:[2m95:19[22
m[39m
[36m [2mΓ¥»[22m src
/features/admin/pages/
ProductManager.test.ts
x:[2m114:29[22m[39m
    [90m112| [39m   
 fireEvent[33m.[39m
[34mclick[39m(screen
[33m.[39m[34mgetByTe
xt[39m([32m'Add Prod
uct'[39m))[33m;[39m
    [90m113| [39m
    [90m114| [39m   
 fireEvent.change(scre
en.getByLabelText('Nam
e'), { target: { 
value:ΓÇª
    [90m   | [39m   
                      
   [31m^[39m
    [90m115| [39m   
 fireEvent.change(scre
en.getByLabelText('Pri
ce (Γé╣)'), { target: 
{ vΓÇª
    [90m116| [39m   
 fireEvent.change(scre
en.getByLabelText('Sto
ck / Capacity'), { 
targΓÇª

[31m[2mΓÄ»ΓÄ»ΓÄ»ΓÄ»Γ
Ä»ΓÄ»ΓÄ»ΓÄ»ΓÄ»ΓÄ»ΓÄ»ΓÄ
»ΓÄ»ΓÄ»ΓÄ»ΓÄ»ΓÄ»ΓÄ»ΓÄ»
ΓÄ»ΓÄ»ΓÄ»ΓÄ»ΓÄ»[3/3]ΓÄ
»[22m[39m

